// Vitest Snapshot v1, https://vitest.dev/guide/snapshot.html

exports[`ranking golden (representative queries) > produces stable top-N ordering per scenario 1`] = `
{
  "broad-generic": [
    "hsbc-premier",
    "hdfc-diners-club-black-metal",
    "hdfc-infinia-metal",
    "hdfc-regalia-gold",
    "icici-emeralde-private-metal",
    "amex-platinum-travel",
    "axis-magnus-burgundy",
    "hsbc-travelone",
    "amex-gold",
    "yes-pop-club",
    "kotak-solitaire",
    "sc-ultimate",
  ],
  "exact-card-atlas": [
    "axis-atlas",
    "axis-samsung-signature",
    "axis-cashback",
    "axis-flipkart-super-elite",
    "axis-airtel",
    "axis-ace",
    "axis-freecharge-plus",
    "axis-fibe",
    "axis-indianoil",
    "axis-flipkart",
    "axis-indianoil-easy",
    "axis-indigo-premium",
  ],
  "issuer-hdfc": [
    "hdfc-regalia-gold",
    "hdfc-infinia-metal",
    "hdfc-diners-club-black-metal",
    "hdfc-swiggy-black",
    "hdfc-pixel-play",
    "hdfc-millennia",
    "hdfc-diners-club-privilege",
    "hdfc-swiggy",
    "hdfc-moneyback-plus",
    "hdfc-swiggy-orange",
    "hdfc-pixel-go",
    "hdfc-shoppers-stop-black",
  ],
  "lifetime-free": [
    "au-ixigo",
    "idfc-wow",
    "indusind-eazydiner-platinum",
    "axis-fibe",
    "indusind-platinum-rupay",
    "icici-platinum-chip",
    "federal-signet",
    "axis-indianoil-easy",
    "onecard",
    "yes-kiwi",
    "hsbc-visa-platinum",
    "sc-priority-visa-infinite",
  ],
  "lounge": [
    "kotak-white-reserve",
    "sc-priority-visa-infinite",
    "hsbc-premier",
    "hdfc-diners-club-black-metal",
    "idfc-mayura",
    "icici-emeralde-private-metal",
    "hdfc-infinia-metal",
    "sc-ultimate",
    "hdfc-regalia-gold",
    "indusind-indulge",
    "hdfc-shoppers-stop-black",
    "idfc-ashva",
  ],
  "max-fee-zero": [
    "kotak-solitaire",
    "au-ixigo",
    "hsbc-visa-platinum",
    "kotak-infinite",
    "axis-fibe",
    "sc-priority-visa-infinite",
    "federal-imperio",
    "scapia-federal",
    "scapia-bobcard",
    "idfc-first-wealth",
    "federal-celesta",
    "indusind-tiger",
  ],
  "network-rupay": [
    "icici-sapphiro-rupay",
    "icici-coral-rupay",
    "irctc-rupay-sbi",
    "hsbc-rupay-cashback",
    "hsbc-rupay-platinum",
    "indusind-platinum-rupay",
    "federal-wave",
    "kotak-upi-rupay",
    "yes-paisabazaar-paisasave-rupay",
    "yes-klick-rupay",
    "hsbc-premier",
    "hdfc-regalia-gold",
  ],
  "segment-premium": [
    "hsbc-premier",
    "hdfc-diners-club-black-metal",
    "hdfc-infinia-metal",
    "hdfc-regalia-gold",
    "icici-emeralde-private-metal",
    "amex-platinum-travel",
    "axis-indigo-premium",
    "axis-magnus-burgundy",
    "axis-indianoil-premium",
    "hsbc-travelone",
    "amex-gold",
    "yes-pop-club",
  ],
  "spend-fuel-heavy": [
    "hsbc-premier",
    "amex-platinum-travel",
    "hdfc-infinia-metal",
    "icici-emeralde-private-metal",
    "hdfc-regalia-gold",
    "hdfc-diners-club-black-metal",
    "axis-atlas",
    "amex-gold",
    "kotak-cashback-plus",
    "hsbc-travelone",
    "amex-platinum-reserve",
    "yes-pop-club",
  ],
  "spend-high-base": [
    "hsbc-premier",
    "axis-magnus-burgundy",
    "hdfc-diners-club-black-metal",
    "hdfc-infinia-metal",
    "icici-emeralde-private-metal",
    "hsbc-travelone",
    "axis-atlas",
    "hdfc-regalia-gold",
    "axis-magnus",
    "kotak-solitaire",
    "sc-ultimate",
    "amex-platinum-travel",
  ],
  "spend-travel-heavy": [
    "hsbc-premier",
    "hdfc-diners-club-black-metal",
    "hdfc-infinia-metal",
    "icici-emeralde-private-metal",
    "axis-magnus-burgundy",
    "hdfc-regalia-gold",
    "axis-atlas",
    "hsbc-travelone",
    "kotak-solitaire",
    "amex-platinum-travel",
    "axis-magnus",
    "hsbc-visa-platinum",
  ],
  "usecase-dining": [
    "hsbc-premier",
    "hdfc-diners-club-black-metal",
    "hdfc-infinia-metal",
    "hdfc-regalia-gold",
    "icici-emeralde-private-metal",
    "amex-platinum-travel",
    "amex-gold",
    "yes-pop-club",
    "axis-magnus-burgundy",
    "hsbc-travelone",
    "sc-ultimate",
    "kotak-solitaire",
  ],
  "usecase-fuel": [
    "icici-hpcl-coral",
    "kotak-cashback-plus",
    "idfc-first-power-plus",
    "sc-platinum-rewards",
    "axis-indianoil-premium",
    "bpcl-sbi",
    "icici-hpcl-super-saver",
    "axis-indianoil",
    "idfc-first-earn",
    "axis-indianoil-easy",
    "idfc-first-power",
    "hdfc-indianoil",
  ],
  "usecase-travel": [
    "hsbc-travelone",
    "amex-platinum-travel",
    "hdfc-regalia-gold",
    "hdfc-infinia-metal",
    "icici-emeralde-private-metal",
    "hsbc-premier",
    "hdfc-diners-club-black-metal",
    "kotak-solitaire",
    "axis-atlas",
    "indigo-sbi-elite",
    "rbl-world-safari",
    "scapia-federal",
  ],
}
`;
