// Vitest Snapshot v1, https://vitest.dev/guide/snapshot.html

exports[`SEO landing page rankings > produces stable top-10 card ordering for each landing page 1`] = `
{
  "best-cashback-credit-cards-india": [
    "hdfc-swiggy",
    "hsbc-live-plus",
    "hdfc-swiggy-black",
    "axis-airtel",
    "hsbc-rupay-cashback",
    "phonepe-sbi-select-black",
    "hdfc-millennia",
    "hdfc-phonepe-ultimo",
    "axis-ace",
    "titan-sbi",
  ],
  "best-credit-cards-for-beginners-india": [
    "csb-jupiter-edge-plus",
    "yes-kiwi",
    "hsbc-live-plus",
    "hdfc-swiggy-black",
    "hsbc-rupay-cashback",
    "axis-airtel",
    "amex-smartearn",
    "cheq-au",
    "hdfc-diners-club-privilege",
    "hdfc-phonepe-ultimo",
  ],
  "best-credit-cards-for-online-shopping": [
    "csb-jupiter-edge-plus",
    "sbi-cashback",
    "phonepe-sbi-select-black",
    "hdfc-pixel-play",
    "bobcard-eterna",
    "indusind-eazydiner",
    "axis-cashback",
    "kotak-cashback-plus",
    "cheq-au",
    "phonepe-sbi-purple",
  ],
  "best-credit-cards-india": [
    "hsbc-premier",
    "hdfc-diners-club-black-metal",
    "axis-magnus-burgundy",
    "hdfc-infinia-metal",
    "icici-emeralde-private-metal",
    "hsbc-travelone",
    "hdfc-regalia-gold",
    "axis-atlas",
    "kotak-solitaire",
    "axis-magnus",
  ],
  "best-fuel-credit-cards-india": [
    "bpcl-sbi-octane",
    "idfc-first-power-plus",
    "kotak-cashback-plus",
    "icici-hpcl-super-saver",
    "icici-hpcl-coral",
    "bpcl-sbi",
    "axis-indianoil",
    "axis-indianoil-easy",
    "hdfc-indianoil",
    "idfc-first-power",
  ],
  "best-lifetime-free-credit-cards-india": [
    "csb-jupiter-edge-plus",
    "hsbc-visa-platinum",
    "yes-kiwi",
    "au-ixigo",
    "indusind-tiger",
    "axis-fibe",
    "hsbc-rupay-platinum",
    "yes-paisabazaar-paisasave-rupay",
    "axis-kwik",
    "federal-imperio",
  ],
  "best-lounge-access-credit-cards-india": [
    "hsbc-premier",
    "axis-magnus-burgundy",
    "kotak-white-reserve",
    "kotak-solitaire",
    "axis-reserve",
    "axis-magnus",
    "yes-marquee",
    "hdfc-diners-club-black-metal",
    "sc-beyond",
    "hdfc-infinia-metal",
  ],
  "best-premium-credit-cards-india": [
    "bobcard-etihad-guest-premium",
    "axis-indigo-premium",
    "axis-atlas",
    "amex-platinum-travel",
    "sc-ultimate",
    "equitas-powermiles",
    "krisflyer-sbi-apex",
    "aurum-sbi",
    "icici-adani-one-signature",
    "rbl-icon",
  ],
  "best-rupay-credit-cards-india": [
    "yes-kiwi",
    "au-ixigo",
    "indigo-sbi-elite",
    "kotak-white-reserve",
    "yes-pop-club",
    "yes-reserv",
    "reliance-sbi-prime",
    "phonepe-sbi-select-black",
    "hdfc-tata-neu-infinity",
    "hsbc-rupay-platinum",
  ],
  "best-travel-credit-cards-india": [
    "hsbc-premier",
    "hdfc-diners-club-black-metal",
    "axis-magnus-burgundy",
    "hdfc-infinia-metal",
    "icici-emeralde-private-metal",
    "hsbc-travelone",
    "hdfc-regalia-gold",
    "axis-atlas",
    "kotak-solitaire",
    "axis-magnus",
  ],
}
`;
